DDRA_REG: 1
DDRA_REG: 1
DDRA_REG: 5
DDRA_REG: 5
DDRA_REG: 21
DDRA_REG: 21
DDRA_REG: 21
DDRA_REG: 149
SystemClock::Endless stopped
number of cpu cycles simulated: 5337
